Pow
Quite
Glad
Half
Sag
Fala
Riot
Flash
Quito
Gas
Alfa
Trip
Lad
Shag
