1º Atleta, 2 Pontos, 3º Colocado
2º Atleta, 3 Pontos, 2º Colocado
3º Atleta, 4 Pontos, 1º Colocado
