1ยบ Atleta, 2 Pontos, 2ยบ Colocado
2ยบ Atleta, 99 Pontos, 1ยบ Colocado
