1º Atleta, 5 Pontos, 5º Colocado
2º Atleta, 6 Pontos, 4º Colocado
3º Atleta, 7 Pontos, 3º Colocado
4º Atleta, 8 Pontos, 2º Colocado
5º Atleta, 9 Pontos, 1º Colocado
