1º Atleta, 6 Pontos, 1º Colocado
2º Atleta, 5 Pontos, 2º Colocado
3º Atleta, 4 Pontos, 3º Colocado
4º Atleta, 3 Pontos, 4º Colocado
5º Atleta, 2 Pontos, 5º Colocado
