1º Atleta, 2 Pontos, 9º Colocado
2º Atleta, 3 Pontos, 8º Colocado
3º Atleta, 6 Pontos, 5º Colocado
4º Atleta, 5 Pontos, 6º Colocado
5º Atleta, 4 Pontos, 7º Colocado
6º Atleta, 7 Pontos, 4º Colocado
7º Atleta, 8 Pontos, 3º Colocado
8º Atleta, 9 Pontos, 2º Colocado
9º Atleta, 10 Pontos, 1º Colocado
