1º Atleta, 10 Pontos, 1º Colocado
2º Atleta, 3 Pontos, 5º Colocado
3º Atleta, 8 Pontos, 3º Colocado
4º Atleta, 9 Pontos, 2º Colocado
5º Atleta, 4 Pontos, 4º Colocado
