1º Atleta, 32 Pontos, 6º Colocado
2º Atleta, 71 Pontos, 4º Colocado
3º Atleta, 99 Pontos, 1º Colocado
4º Atleta, 12 Pontos, 7º Colocado
5º Atleta, 2 Pontos, 10º Colocado
6º Atleta, 3 Pontos, 9º Colocado
7º Atleta, 5 Pontos, 8º Colocado
8º Atleta, 54 Pontos, 5º Colocado
9º Atleta, 84 Pontos, 3º Colocado
10º Atleta, 92 Pontos, 2º Colocado
