1º Atleta, 91 Pontos, 5º Colocado
2º Atleta, 92 Pontos, 4º Colocado
3º Atleta, 93 Pontos, 3º Colocado
4º Atleta, 94 Pontos, 2º Colocado
5º Atleta, 95 Pontos, 1º Colocado
