[Palavras invasoras: 33]

Se ficarmos aqui, só vamos receber mais pedradas. Preparem-se para a missão! 

"Então nós... Estamos indo direto pra morte?" 

Estamos. 

"Está dizendo que é melhor morrer lutando... Já que nós vamos morrer?" 

Estou sim. 

"Espera, se a gente vai morrer mesmo, não importa como seja, pode ser até 
desobedecendo ordens, porque não faz diferença não é?" 

Está precisamente certo. Não faz diferença nenhuma; não importa quais eram seus 
sonhos e ambições; não importa se a sua vida foi boa ou miserável; todos nós 
vamos morrer uma hora. Isso quer dizer... Que a vida não tem sentido? Que nosso 
nascimento não teve sentido? E nossos colegas que caíram antes, as vidas deles 
também foram sem sentido? 

NÃO, NÃO FORAM! NÓS damos sentido às vidas dos nossos colegas, uns morreram com 
CORAGEM, outros com MEDO! Mas quem dá sentido à vida deles somos NÓS, os vivos 
que não vão esquecer deles! Morremos confiando a nossa memória, AOS VIVOS QUE 
VÃO CONTINUAR! 

Este, é um ato de rebeldia contra ESTE MUNDO CRUEL! 

VÃO MEUS SOLDADOS! GRITEM SOLDADOS! OFEREÇAM SEUS CORAÇÕES!