[Palavras invasoras: 6]

Laboratorio de Ciencia da Computacao I