[Palavras invasoras: 1]

AtencaoATENCAOatencao sacou