[Palavras invasoras: 6]

A pressa e a inimiga da perfeicao.