[Palavras invasoras: 72]

Araxá é um município brasileiro do estado de Minas Gerais, na Região Geográfica 
Imediata de Araxá, na Região Geográfica Intermediária de Uberaba. Sua população 
estimada pelo IBGE em 2021 era de 108 403 habitantes.[4] 

HistóriaO nome “Araxá” provavelmente é de origem tupi-guarani, formado pela 
união dos termos “ara” e “cha”, que significariam, respectivamente, “lugar” e 
“alto/elevado”, ou seja, um “lugar” ou terreno elevado. Paralelamente, o termo 
também foi utilizado para identificar alguns grupos indígenas locais, 
denominados em algumas fontes históricas como Araxás ou Arachás. 

De acordo com as pesquisas arqueológicas mais recentes, os assentamentos mais 
antigos encontrados em Minas Gerais até o momento estão localizados na região 
de Lagoa Santa,[8] com datações entre 11.000 a 9.000 AP (Antes do Presente). 
Nesses sítios foram identificadas pequenas lascas de quartzo, jaspe e 
calcedônia, geralmente brutas e algumas transformadas em raspadores, além de 
batedores e bigornas feitos com seixos de gnaisse e outras rochas.[8] Por sua 
vez, diversos estudos arqueológicos empreendidos no Triângulo Mineiro apontam 
que os assentamentos mais antigos nesta região são de pelo menos do início da 
era cristã.[8] 

Caracterizada por conjunto de grandes e espessos vasilhames cerâmicos não 
decorados, de formatos que vão de semiesféricos a globulares, instrumentos 
líticos lascados e polidos – como machados, batedores e percutores - e 
assentamentos próximos a encostas suaves,[9] a Tradição tecnológica Aratu-
Sapucaí já foi identificada em três sítios arqueológicos até o momento. 
Denominados Lavra IV,[10] Lavra VI[11] e Canjica,[12] esses sítios 
provavelmente representam os testemunhos mais antigos da presença de grupos 
humanos no município de Araxá. Outros seis sítios arqueológicos com fragmentos 
cerâmicos e materiais líticos (Sítio da Rampa,[13] Lavra I,[14] Lavra II,[15] 
Lavra III,[16] ARX 1[17] e Alto Bocaina 01) foram identificados e registrados 
nos últimos anos em Araxá, embora não tenha sido possível associá-los à nenhuma 
tradição tecnológica até o momento. Por outro lado, devido à grande quantidade 
de materiais líticos identificados na área do sítio Alto Bocaina 01, 
arqueólogos chegaram à conclusão de que se tratava de uma oficina lítica – ou 
seja, um local de coleta de matéria-prima e produção de diversos instrumentos 
feitos de rocha. Segundo consta, os afloramentos rochosos existentes no local - 
de qualidade adequada para produção de ferramentas líticas - bem como a boa 
visualização da paisagem de entorno, indica que se tratava de um acampamento de 
caça.[18] 

De acordo com estudos etnográficos e fontes primárias provenientes de 
estudiosos e exploradores entre os séculos XVI e XX, grupos Paresí (Aruak), 
Bororo e Sakriabá habitaram a região de Araxá, sendo também comum a presença de 
Kayapós próximos à atual divisa entre São Paulo e Minas Gerais.[19] Como muitos 
outros povos ameríndios, detinham um estilo de vida nômade ou parcialmente 
sedentário, com as principais atividades econômicas voltadas para a caça e a 
coleta de peixes, aves e pequenos mamíferos, além da coleta de tubérculos e 
diversos gêneros de plantas.[20] 

Os Paresí (também chamados de Paryci, Cabexi e Mambare[21]) foram pela primeira 
vez descritos em termos etnográficos pelo bandeirante paulista Antônio Pires 
Campos em expedição ao Mato Grosso, estando com eles na primeira metade do 
século XVIII, aproximadamente em 1720.[21] Por sua vez, o termo kayapó (por 
vezes escrito "kaiapó" ou "caiapó") foi utilizado pela primeira vez no início 
do século XIX, embora os próprios se autodenominassem mebêngôkre, "os homens do 
buraco/lugar d'água".[22] Contudo, o conhecimento sobre os costumes e tradições 
desses grupos segue limitado pela falta de informações disponíveis. Sabe-se, 
entretanto, que os Kayapó contavam os meses por luas, faziam cerimônias 
fúnebres com danças e praticavam jogos como corrida com toras.[23] 

A partir de meados do século XVI, entradas e posteriormente bandeiras vindas da 
Bahia e São Paulo começaram a penetrar o atual território mineiro. Relações 
inicialmente pacíficas entre portugueses e populações indígenas acabaram 
tornando-se cada vez mais conflituosas nesta e em outras regiões da agora 
chamada América Portuguesa, na medida em que se intensificava o interesse pelo 
apresamento de indígenas e a busca por minas de ouro e outros metais preciosos. 
Ainda que constem relatos de que os Kayapó apresentavam grande resistência às 
investidas europeias no século XVIII,[24] sendo considerados guerreiros temidos 
tanto pelos portugueses quanto pelos Tupi, esses e outros grupos indígenas 
foram paulatinamente escravizados, mortos ou expulsos para outras áreas. 
Durante os séculos seguintes após a chegada dos colonizadores europeus, a 
população indígena foi drasticamente reduzida, devido às “guerras justas” e em 
decorrência também dos seguidos aldeamentos, perseguições e capturas 
patrocinadas pelos jesuítas e coroa portuguesa. Apesar da drástica diminuição 
das populações indígenas, muitos de seus traços culturais mantiveram-se vivos, 
através da transformação e da miscigenação tanto entre grupos indígenas de 
etnias distintas, como entre estes grupos e as populações imigrantes, oriundas 
da África e da Europa, que aqui chegaram devido à colonização europeia. 

A descoberta de minerais preciosos no norte da capitania de São Paulo fez com 
que uma parte dos esforços coloniais até então dirigidos à exploração de 
territórios distantes, captura de cativos indígenas e instalação de plantações 
de cana-de-açúcar se concentrasse nestas localidades. Conforme os volumes de 
minério extraídos tornaram-se expressivos, bem como todo esforço empregado na 
sua busca, o trabalho de escravos negros foi utilizado de forma cada vez mais 
constante, ocasionando um aumento populacional vertiginoso na capitania das 
Minas Gerais. 

Os primeiros povoados coloniais na região de Araxá foram criados em função do 
chamado “Caminho do Anhanguera” ou “Estrada dos Goyases”, o qual partia de São 
Paulo em direção às minas de Goiás e Mato Grosso, atravessando parte do “Sertão 
da Farinha Podre” – antiga denominação dada ao Triângulo Mineiro. De acordo com 
algumas fontes, esses primeiros povoados teriam se fixado em Desemboque, atual 
distrito do município de Sacramento.[25] Nas margens desse caminho surgiram 
pousos, fazendas de gado e cavalgaduras, além de promover a instalação de 
povoados, tornando-se “razão de existência e sobrevivência” dos primeiros 
assentamentos populacionais que dariam origem a diversas cidades.[26] 

Todavia, a presença indígena no Sertão da Farinha Podre se manteve forte até 
pelo menos meados do século XVIII, a ponto de ser descrito no Conselho 
Ultramarino como um “mar de índios” entre 1748 e 1750.[27] Os conflitos 
ocorriam principalmente contra os Kayapó, razão pela qual foram criados os 
Aldeamentos da Região do Antigo Araxá, tendo por intenção promover a segurança 
ao longo da Estrada dos Goyazes. Em um desses aldeamentos, denominado Rio das 
Pedras, foram instalados grupos Bororo, trazidos de Mato Grosso especificamente 
para combater os Kayapós.[28] Outro aldeamento criado especificamente para 
fazer frente à grupos indígenas que resistiam à ocupação europeia do chamado 
Sertão da Farinha Podre foi Sant’Anna do Rio das Velhas, atual município de 
Indianópolis. Estes aldeamentos congregavam povos indígenas de diversas origens 
étnicas, práticas culturais e idiomas diferentes, o que frequentemente gerava 
tensões e conflitos entre os mesmos.[29] 

Paralelamente, grupos quilombolas também se estabeleceram no Sertão da Farinha 
Podre em meados do século XVIII. Estes refúgios acabaram sendo destruídos no 
que ficou conhecido como a Grande Guerra do Campo Grande, entretanto. Fontes da 
época e estudos historiográficos posteriores relatam a presença numerosa de 
indígenas enquanto aliados dos quilombolas, lutando ao seu lado em diversas 
ocasiões, sendo a mais conhecida o Grande Ataque ao Quilombo do Campo Grande 
ocorrido no Quilombo do Ambrósio (localizado na atual Ibiá) em 1759-1760.[27] 
Esta ocupação quilombola no Sertão da Farinha Podre pode ser observada até hoje 
no sítio Arqueológico do Quilombo do Campo Grande, um verdadeiro exemplo da 
territorialização da cultura de matriz africana na região.[30] 

Entre 1770 e 1780, Araxá e outros povoamentos do oeste e sul mineiro 
testemunharam um aumento contínuo de sua população, período em que também 
teriam surgido as primeiras fazendas de gado, processo ocasionado tanto pela 
necessidade de produção de víveres quanto pelo progressivo declínio da 
exploração do ouro enquanto principal atividade econômica regional.[31] 

Visto que o Sertão da Farinha Podre servia mais como local de passagem e pouso 
até então, bem como para produção de alimentos e alguns itens necessários para 
colonização destas e de outras terras onde a mineração ocorria de forma mais 
intensa, a crise econômica dos últimos anos do “ciclo do ouro” teria gerado 
menos impacto do que em outras localidades goianas e mineiras.[32] De certa 
forma, o declínio da mineração aurífera estimulou a concessão de sesmarias, e o 
desenvolvimento de fazendas de gado progressivamente criou condições para a 
formação de pequenos centros urbanos regionais, como é o caso de Araxá.[33] A 
relativa fertilidade do solo, bem como a presença de sal mineral nas águas do 
atual Complexo Hidrotermal e Hoteleiro do Barreiro, também contribuíram para a 
fixação da população no local. Com efeito, o termo de demarcação da sesmaria do 
Barreiro data de 1785[34]: 

"Aos 25 dias do mês de agosto de 1785, nesta paragem dos Sertoins dos Arachás, 
debaixo da serra do mesmo nome, fincamos uma pedra em sentido perpendicular com 
quatro testemunhas para os 4 pontos cardeais. Daí partimos em direção ao oeste, 
medindo 2722 cordas de 2 braças cada uma, onde fincamos o 2º marco; daí 
seguimos em direção ao norte onde fincamos o 3º marco defronte a Fazenda do 
Campo Aberto; daí seguimos em direção ao nascente, na Fazenda Pão de Açúcar 
onde fincamos o 4º marco, e deste 4º marco em linha reta até o marco peão na 
Boca da Mata"[35] 

Por conseguinte, a Freguesia de São Domingos do Araxá foi fundada em 1791, 
mesmo ano em que o primeiro vigário local, Padre Domingos da Costa Pereira, foi 
nomeado.[36] Após cerca de cinco anos de obras, em 1800 foi inaugurada a 
primeira igreja consagrada ao padroeiro de Araxá, São Domingos de Gusmão. Essa 
edificação teria existido até a década de 1930, quando foi demolida.[37] A 
edificação atual, denominada Igreja Matriz de São Domingos de Gusmão, foi 
inaugurada em 1948, sendo tombada enquanto patrimônio municipal pela Fundação 
Cultural Calmon Barreto.[38] 

Em 20 de dezembro de 1811, a Freguesia de São Domingos é elevada a Julgado de 
São Domingos de Araxá, desmembrando-se do Julgado do Desemboque. Em 1816, a 
região do Sertão da Farinha Podre é separada de Goiás e anexada a Minas Gerais, 
ficando sob jurisdição de Paracatu até 1830. A incorporação dessa região à 
capitania de Minas, fato que acabou por se tornar permanente, deve-se em parte 
ao requerimento que os próprios moradores de Araxá realizaram junto à Coroa 
Portuguesa. A presença de uma população já suficientemente representativa em 
termos políticos pode ser observada nos relatos de viagem de Auguste de Saint-
Hilaire, o qual informava a existência de 75 pequenas casas em Araxá no ano de 
1815.[39] 

A distância em relação à vila de Paracatu logo acabou se tornando motivo de 
descontentamento dos habitantes mais influentes de Araxá, um julgado que já 
tinha mais de 6.000 moradores nas primeiras décadas do século XIX.[39] Diante 
disso, em 1830, Araxá constituiu sua própria Câmara, elegendo como presidente 
Mariano de Ávila, ação que efetivamente rompeu a dependência em relação à vila 
de Paracatu. No ano seguinte Araxá é reconhecida enquanto vila, abarcando em 
sua jurisdição praticamente todo o Sertão da Farinha Podre, sob a condição de 
construir (com seus próprios recursos) um Fórum e Cadeia Pública.[39] Contudo, 
em 1836 o chamado Antigo Município de Araxá, até então abrangendo toda a região 
entre os Rios Grande e Paranaíba em extensão superior à que hoje é chamada de 
Triângulo Mineiro, começou a ser desmembrado.[40] Em 1865, através da Lei 
Provincial n.º 1259, a então Vila de São Domingos de Araxá é elevada à 
categoria de cidade.[40]

O fim do século XIX também trouxe uma renovação do interesse pelas fontes de 
águas minerais do Barreiro, a partir de então alvo de um turismo incipiente 
porém crescente. Inicialmente valorizado por suas propriedades terapêuticas, a 
ponto de ser considerado um local ideal de convalescência para doentes de 
tuberculose, no Barreiro foram construídos hotéis e balneários entre as décadas 
de 1910 e 1940. Tendo em vista seu potencial econômico elevado, as próprias 
terras do Barreiro chegaram a ser doadas ao Estado pela Prefeitura Municipal em 
1915, processo que acarretou, por sua vez, em apoio financeiro estadual para a 
construção da sede de governo de Araxá.[34] Esse interesse também contribuiu 
para a construção de novas vias de acesso ao município propriamente e ao 
Barreiro, distante cerca de nove quilômetros do centro de Araxá. A ligação com 
o ramal Estrada de Ferro Oeste de Minas (EFOM) foi concluída em 1926, sendo 
ampliada e reformada uma estrada de ligação entre o centro de Araxá e Barreiro 
nos anos subsequentes, após seguidas pressões de setores da imprensa local e 
estadual e do governo de Minas Gerais. Não por acaso, esse processo acarretou 
inclusive a desapropriação de terras no Barreiro em 1934, tendo em vista a 
valorização adquirida com o afluxo crescente de turistas de todo o país.[34] 

Na década de 1950 teve início um novo ciclo de desenvolvimento econômico do 
município com a instalação da COMIG – Companhia Mineradora de Minas Gerais, e 
da implantação de indústrias, como a CAMIG – Companhia Agrícola de Minas Gerais 
e a CBMM – Companhia Brasileira de Metalurgia e Mineração. A ação dessas 
empresas deu sustentação econômica ao município, fazendo surgir novas 
indústrias, o que gerou fluxo migratório para o município. Tal situação foi 
reforçada a partir de 1971, com a instalação da Arafértil, atual Mosaic 
Fertilizantes, do setor de fertilizantes.[41] 

Por fim, o município de Araxá ainda conta com diversas edificações 
historicamente significativas,[42] como: 

Igreja de São Sebastião, construída em 1804 e tombada enquanto patrimônio 
estadual pelo Instituto Estadual de Patrimônio Histórico e Artístico (IEPHA) 
desde 1979;A já citada Igreja Matriz de São Domingos de Gusmão, inaugurada em 
1948;Grande Hotel do Barreiro e Termas, construídos entre 1938 e 1945, parte do 
projeto de transformar o município de Araxá em uma estância balneária nacional;
Antigo Banco do Comércio e Indústria de Minas Gerais (Banco Nacional), a 
primeira agência bancária do município, inaugurado em 1931 e tombado enquanto 
patrimônio municipal em 1998;Cine-Teatro Brasil (atual Casa do Poeta), 
inaugurado em 1930;Estações Ferroviárias de Itaipu e Araxá, construídas na 
década de 1920 como partes do ramal da antiga Estrada de Ferro Oeste de Minas (
EFOM), testemunhos de um período em que as redes ferroviárias eram o mais 
eficiente sistema de transporte de passageiros e cargas em Minas Gerais, bem 
como no restante do país;Museu Histórico de Araxá – Dona Beja, fundado por 
Assis Chateubriand em 1965 e localizado em um sobrado colonial, provavelmente 
datado das primeiras décadas do século XIX. Desde 1990 a edificação e o acervo 
são tombados enquanto patrimônios municipais;Palácio Nagib Feres, sobrado que 
abrigou a Câmara Municipal e a Prefeitura de Araxá, provavelmente construído 
entre 1820 e 1830. Tombado enquanto patrimônio municipal desde 1990.GeografiaA 
localização geográfica de Araxá é estratégica. Traçando-se um raio de 600 km, 
partindo de Araxá, está a região de maior concentração populacional do país, 
com 73% do PIB Nacional e um público potencial de 43 milhões de pessoas. 

A Estância Hidromineral de Araxá, no Sudoeste Mineiro, na Zona Geográfica do 
Alto Paranaíba, é propícia ao desenvolvimento dos diferentes ramos da atividade 
turística, devido a fatores históricos, geográficos e econômicos que definem o 
imenso potencial dessa região. 

Área do município: 1.165 km²Área do perímetro urbano: 345 km²RelevoConstituído 
de terras planas e colinas, a altitude máxima é de 1.359 metros e a mínima de 
910 metros. O relevo do município mostra variações entre situações geológicas 
típicas do cerrado e de serras. Sua vegetação intercala campos de pastagens com 
pequenas matas naturais, compondo paisagens deslumbrantes. 

Altitude máxima 1.359 metros (Serra da Bocaina)Altitude mínima 910 metros (Rio 
Capivara)[43]Cidade 973 metros (Igreja Matriz São Domingos)O relevo é composto 
de 15% plano, 60% ondulado e 25% montanhoso. 

HidrografiaO município está localizado entre duas grandes Bacias Hidrográficas: 
Bacia do Rio Grande e Bacia do Rio Paranaíba. Todas possuem grande potencial 
hidrelétrico. Araxá integra o Circuito das Águas de Minas Gerais, reconhecido 
pelas propriedades terapêuticas diversificadas de suas águas medicinais. Também 
conhecida pelos Mineiros de a "terra da juventude" por causa de suas águas, que 
segundo dizem fazem milagres. 

O município possui uma área de proteção especial para fins de preservação de 
seus mananciais. 

Principais rios: Rio Tamanduá e Rio Capivara, afluentes do Rio 
Paranaíba.ClimaLocalizado a 973 metros de altitude, Araxá apresenta um clima 
agradável o ano todo, com temperatura média compensada anual de 21 °C e índice 
médio pluviométrico anual de 1550 mm, concentrados nos meses de primavera e 
verão. Segundo dados do Instituto Nacional de Meteorologia (INMET), referentes 
ao período de 1948 a 1950 e a partir de 1971, a menor temperatura registrada em 
Araxá foi de 0,5 °C em 1° de junho de 1979 e a maior atingiu 37,2 °C em 7 de 
outubro de 2020. O maior acumulado de precipitação em 24 horas foi de 140,8 
milímetros (mm) em 20 de janeiro de 2003. 

Outros acumulados iguais ou superiores a 100 mm foram: 115,2 mm em 27 de 
janeiro de 2004, 115 mm em 6 de fevereiro de 2004, 114 mm em 26 de janeiro de 
1949, 111,8 mm em 3 de novembro de 1979, 109 mm em 23 de dezembro de 1994 e 3 
de janeiro de 1997, 108 mm em 1° de dezembro de 2017, 107 mm em 19 de janeiro 
de 1985, 105,8 mm em 17 de fevereiro de 2019 e 101,6 mm em 8 de fevereiro de 
2000. Desde dezembro de 2002, quando foi instalada uma estação automática, a 
maior rajada de vento alcançou 23,4 m/s (84,2 km/h) em 23 de janeiro de 2012 e 
o menor índice de umidade relativa do ar (URA) foi de 10% em 6 de setembro de 
2011 e em 2016, nos dias 18 de julho e 11 de agosto.[44]