[Palavras invasoras: 29]

Deus, conceda-me a serenidade
para aceitar as coisas que não posso mudar,
a coragem para mudar as coisas que posso
e a sabedoria para discernir uma da outra.
Vivendo um dia de cada vez,
apreciando um momento de cada vez,
recebendo as dificuldades como um caminho para a paz
e, como Jesus, aceitando as circunstâncias do mundo
como realmente são, e não como gostaria que fossem.

Confiando que o Senhor tudo fará
se eu me entregar à Sua vontade;
pois assim poderei ser razoavelmente feliz nesta vida
e supremamente feliz ao seu lado na eternidade.

Amém.