[Palavras invasoras: 30]

Adieu
Song by Rammstein
Nur der Tod währt alle Zeit
Er flüstert unterm Tannenzweig
Muss alles in sein Dunkel zieh'n
Sogar die Sonne wird verglüh'n
Doch keine Angst, wir sind bei dir
Ein letztes Mal, so singen wir
Adieu, goodbye, auf Wiederseh'n
Den letzten Weg musst du alleine geh'n
Ein letztes Lied, ein letzter Kuss
Kein Wunder wird gescheh'n
Adieu, goodbye, auf Wiederseh'n
Die Zeit mit dir war schön
Aus dem Leben steigst du leise
Die Seele zieht auf stille Reise (stille Reise)
Fleisch vergeht, Geist wird sich heben
Das Sein wird sich dem Tod ergeben (ja)
Am Ende bist du ganz allein
Doch wir werden bei dir sein
Adieu, goodbye, auf Wiederseh'n
Den letzten Weg musst du alleine geh'n
Ein letztes Lied, ein letzter Kuss
Kein Wunder wird gescheh'n
Adieu, goodbye, auf Wiederseh'n
Die Zeit mit dir war schön
Jeder stirbt für sich allein (ganz allein)
Doch du wirst immer bei uns sein
Adieu, goodbye, auf Wiederseh'n
Den letzten Weg musst du alleine geh'n
Ein letztes Lied, ein letzter Kuss
Kein Wunder wird gescheh'n
Adieu, goodbye, auf Wiederseh'n
Die Zeit mit dir war schön